sam.gofrugal.com:80 121.46.119.70 - - [01/Nov/2020:03:41:30 +0530] "POST /post_pos_users_with_encryption.php HTTP/1.1" 200 673 "-" "Java/1.8.0_131" sessionid: v9b9snvj9ca2uta6kghfganeep uid:- uname:- ServeTime:105706 microsecs
sam.gofrugal.com:80 121.46.119.70 - - [01/Nov/2020:03:41:30 +0530] "POST /sam_posting.php?purpose=APP_USER_PROVISIONING&datatype=json HTTP/1.1" 200 538 "-" "Java/1.8.0_131" sessionid: 4ri3ke0faeru49qjb8eh5r82ar uid:- uname:- ServeTime:517417 microsecs
sam.gofrugal.com:80 121.46.119.70 - - [01/Nov/2020:03:41:31 +0530] "POST /license_module/get_root_order.php?type=getCustomerId&skip_hq=true HTTP/1.1" 200 559 "-" "Java/1.8.0_131" sessionid: lsqdpftkcko5sj7e9vjlur2rbf uid:- uname:- ServeTime:87226 microsecs
sam.gofrugal.com:80 103.66.79.16 - - [01/Nov/2020:03:41:33 +0530] "GET /license_module/get_latest_version_url.php?product_code=715-01.0&base_product_code=500-06.5&base_version=6.5.9.0_41&customer_id=9999&type=compatible HTTP/1.1" 200 1088 "-" "Apache-HttpClient/4.5.8 (Java/1.8.0_131)" sessionid: q7jq731rglbgcou6jp7fvft3lo uid:- uname:- ServeTime:97732 microsecs
sam.gofrugal.com:80 197.248.200.58 - - [01/Nov/2020:03:41:33 +0530] "GET /license_module/license_automation.php?idendity=1009999160045700001500070PL&eidendity=A3627DF3A23DA96A778EA154C36AC64F&version=7.0.0.RC219&purpose=version_check HTTP/1.1" 200 922 "-" "-" sessionid: 3i7ir4gbbhg8n7in3br9keksh3 uid:- uname:- ServeTime:101157 microsecs
sam.gofrugal.com:80 103.66.79.16 - - [01/Nov/2020:03:41:33 +0530] "GET /license_module/get_latest_version_url.php?product_code=806-01.0&base_product_code=500-06.5&base_version=6.5.9.0_41&customer_id=9999&type=compatible HTTP/1.1" 200 1102 "-" "Apache-HttpClient/4.5.8 (Java/1.8.0_131)" sessionid: 7mieot3s3ofam7p29sh5a8b4kj uid:- uname:- ServeTime:97449 microsecs
sam.gofrugal.com:80 43.241.39.93 - - [01/Nov/2020:03:41:33 +0530] "GET /license_module/get_latest_version_url.php?product_code=715-01.0&base_product_code=300-03.0&base_version=3.0.0.RC66.48&customer_id=9999&type=compatible HTTP/1.1" 200 1089 "-" "Apache-HttpClient/4.5.8 (Java/1.8.0_131)" sessionid: g2r3fm9iqgd8445bt3h47ks9u2 uid:- uname:- ServeTime:96385 microsecs
sam.gofrugal.com:80 103.66.79.16 - - [01/Nov/2020:03:41:34 +0530] "GET /license_module/get_latest_version_url.php?product_code=540&base_product_code=500-06.5&base_version=6.5.9.0_41&customer_id=9999&type=compatible HTTP/1.1" 200 1076 "-" "Apache-HttpClient/4.5.8 (Java/1.8.0_131)" sessionid: fubuj31qpa4mjru4n7rt40kouf uid:- uname:- ServeTime:96365 microsecs
sam.gofrugal.com:80 43.241.39.93 - - [01/Nov/2020:03:41:34 +0530] "GET /license_module/get_latest_version_url.php?product_code=806-01.0&base_product_code=300-03.0&base_version=3.0.0.RC66.48&customer_id=9999&type=compatible HTTP/1.1" 200 1103 "-" "Apache-HttpClient/4.5.8 (Java/1.8.0_131)" sessionid: cam5idludhc1lemrim55vjpal7 uid:- uname:- ServeTime:96649 microsecs
sam.gofrugal.com:80 103.66.79.16 - - [01/Nov/2020:03:41:34 +0530] "GET /license_module/get_latest_version_url.php?product_code=748&base_product_code=500-06.5&base_version=6.5.9.0_41&customer_id=9999&type=compatible HTTP/1.1" 200 750 "-" "Apache-HttpClient/4.5.8 (Java/1.8.0_131)" sessionid: 1sb695itujfoe7dunnfeqnhdq0 uid:- uname:- ServeTime:97337 microsecs
sam.gofrugal.com:80 43.241.39.93 - - [01/Nov/2020:03:41:34 +0530] "GET /license_module/get_latest_version_url.php?product_code=763&base_product_code=300-03.0&base_version=3.0.0.RC66.48&customer_id=9999&type=compatible HTTP/1.1" 200 1076 "-" "Apache-HttpClient/4.5.8 (Java/1.8.0_131)" sessionid: 90co9a8cu189qeuu6k8cjcok8p uid:- uname:- ServeTime:96037 microsecs
sam.gofrugal.com:80 52.76.185.185 - - [01/Nov/2020:03:41:35 +0530] "GET /get_uuid_for_orderno.php?order_no=00199-99200-02076-0001-WR HTTP/1.1" 200 376 "-" "Java/1.8.0_102" sessionid: 3rn6sfoghva2t86s6ebn8pbfr6 uid:- uname:- ServeTime:85070 microsecs
sam.gofrugal.com:80 117.97.166.198 - - [01/Nov/2020:03:41:35 +0530] "GET //license_module/get_latest_version_url.php?product_code=723&customer_id=9999&type=minimum HTTP/1.1" 200 743 "-" "Go-http-client/1.1" sessionid: ue732r73td7m7ch1pli18l31mq uid:- uname:- ServeTime:95084 microsecs
sam.gofrugal.com:80 117.217.61.199 - - [01/Nov/2020:03:41:36 +0530] "GET /license_module/license_automation.php?idendity=2227781160000010001500065SD&eidendity=CA8B394D225A7654055143CF8457C3DE&version=6.5.8.9_86&purpose=version_check HTTP/1.1" 200 868 "-" "-" sessionid: ul9f72ndiu4lfkhbkial18sgbi uid:- uname:- ServeTime:100658 microsecs
sam.gofrugal.com:80 136.185.176.68 - - [01/Nov/2020:03:41:37 +0530] "GET /license_module/get_latest_version_url.php?product_code=715-01.0&base_product_code=500-06.5&base_version=6.5.9.0_54&customer_id=9999&type=compatible HTTP/1.1" 200 1088 "-" "Apache-HttpClient/4.5.8 (Java/1.8.0_131)" sessionid: g7t510u5pbnmd6in0a0ae738c5 uid:- uname:- ServeTime:97606 microsecs
sam.gofrugal.com:80 106.51.153.42 - - [01/Nov/2020:03:41:37 +0530] "GET /license_module/get_latest_version_url.php?product_code=715-01.0&base_product_code=500-07.0&base_version=7.0.0.RC227&customer_id=9999&type=compatible HTTP/1.1" 200 1089 "-" "Apache-HttpClient/4.5.8 (Java/1.8.0_131)" sessionid: mlig8ns27f2pe0e28uvvcvict0 uid:- uname:- ServeTime:97882 microsecs
sam.gofrugal.com:80 136.185.176.68 - - [01/Nov/2020:03:41:37 +0530] "GET /license_module/get_latest_version_url.php?product_code=806-01.0&base_product_code=500-06.5&base_version=6.5.9.0_54&customer_id=9999&type=compatible HTTP/1.1" 200 1102 "-" "Apache-HttpClient/4.5.8 (Java/1.8.0_131)" sessionid: gl8ts4a3urgull7cvpsm613mcq uid:- uname:- ServeTime:96820 microsecs
sam.gofrugal.com:80 106.51.153.42 - - [01/Nov/2020:03:41:37 +0530] "GET /license_module/get_latest_version_url.php?product_code=806-01.0&base_product_code=500-07.0&base_version=7.0.0.RC227&customer_id=9999&type=compatible HTTP/1.1" 200 1103 "-" "Apache-HttpClient/4.5.8 (Java/1.8.0_131)" sessionid: 9e9uhnag3af3dqba2v8c250j4p uid:- uname:- ServeTime:97503 microsecs
sam.gofrugal.com:80 136.185.176.68 - - [01/Nov/2020:03:41:37 +0530] "GET /license_module/get_latest_version_url.php?product_code=540&base_product_code=500-06.5&base_version=6.5.9.0_54&customer_id=9999&type=compatible HTTP/1.1" 200 1076 "-" "Apache-HttpClient/4.5.8 (Java/1.8.0_131)" sessionid: 58olgvnd2pvs84j4etsq4ivgbm uid:- uname:- ServeTime:96479 microsecs
sam.gofrugal.com:80 136.185.176.68 - - [01/Nov/2020:03:41:38 +0530] "GET /license_module/get_latest_version_url.php?product_code=748&base_product_code=500-06.5&base_version=6.5.9.0_54&customer_id=9999&type=compatible HTTP/1.1" 200 750 "-" "Apache-HttpClient/4.5.8 (Java/1.8.0_131)" sessionid: vpelnm0tl0v833vvhekpr1fkos uid:- uname:- ServeTime:97157 microsecs
sam.gofrugal.com:80 121.244.91.46 - - [01/Nov/2020:03:41:38 +0530] "GET / HTTP/1.1" 200 276 "-" "Site24x7" sessionid: - uid:- uname:- ServeTime:364 microsecs
sam.gofrugal.com:80 41.222.239.79 - - [01/Nov/2020:03:41:40 +0530] "GET /license_module/get_latest_version_url.php?product_code=715-01.0&base_product_code=500-06.5&base_version=6.5.9.0_50&customer_id=9999&type=compatible HTTP/1.1" 200 1088 "-" "Apache-HttpClient/4.5.8 (Java/1.8.0_131)" sessionid: s7jnpigg8l6m0luq48v3kq9i86 uid:- uname:- ServeTime:98045 microsecs
sam.gofrugal.com:80 86.98.50.197 - - [01/Nov/2020:03:41:40 +0530] "GET /license_module/license_automation.php?idendity=0019999180003930001500065PL&eidendity=2CA36DE57F12CC30EF69B3FFAD948B95&version=6.5.9.0_19&purpose=version_check HTTP/1.1" 200 868 "-" "-" sessionid: k9s08b97e36bl1p42nu88q18vk uid:- uname:- ServeTime:98671 microsecs
sam.gofrugal.com:80 121.46.118.103 - - [01/Nov/2020:03:41:41 +0530] "GET /license_module/get_latest_version_url.php?product_code=715-01.0&base_product_code=500-07.0&base_version=7.0.0.RC230&customer_id=9999&type=compatible HTTP/1.1" 200 1089 "-" "Apache-HttpClient/4.5.8 (Java/1.8.0_131)" sessionid: aad2re159avrh0g0v4cq50re5m uid:- uname:- ServeTime:109416 microsecs
sam.gofrugal.com:80 41.222.239.79 - - [01/Nov/2020:03:41:41 +0530] "GET /license_module/get_latest_version_url.php?product_code=806-01.0&base_product_code=500-06.5&base_version=6.5.9.0_50&customer_id=9999&type=compatible HTTP/1.1" 200 1102 "-" "Apache-HttpClient/4.5.8 (Java/1.8.0_131)" sessionid: 73571q48tnu8eidoaa7om03qho uid:- uname:- ServeTime:109014 microsecs
sam.gofrugal.com:80 121.46.118.103 - - [01/Nov/2020:03:41:41 +0530] "GET /license_module/get_latest_version_url.php?product_code=806-01.0&base_product_code=500-07.0&base_version=7.0.0.RC230&customer_id=9999&type=compatible HTTP/1.1" 200 1103 "-" "Apache-HttpClient/4.5.8 (Java/1.8.0_131)" sessionid: nneoe93470liqcsj2hhughlprh uid:- uname:- ServeTime:105619 microsecs
sam.gofrugal.com:80 41.222.239.79 - - [01/Nov/2020:03:41:42 +0530] "GET /license_module/get_latest_version_url.php?product_code=540&base_product_code=500-06.5&base_version=6.5.9.0_50&customer_id=9999&type=compatible HTTP/1.1" 200 1076 "-" "Apache-HttpClient/4.5.8 (Java/1.8.0_131)" sessionid: ulsllgmcenesrb00i8fm34ebl3 uid:- uname:- ServeTime:103913 microsecs
sam.gofrugal.com:80 121.46.118.103 - - [01/Nov/2020:03:41:42 +0530] "GET /license_module/get_latest_version_url.php?product_code=540&base_product_code=500-07.0&base_version=7.0.0.RC230&customer_id=9999&type=compatible HTTP/1.1" 200 1087 "-" "Apache-HttpClient/4.5.8 (Java/1.8.0_131)" sessionid: lmap796d4r38a8gane1pv6civm uid:- uname:- ServeTime:97172 microsecs
sam.gofrugal.com:80 41.222.239.79 - - [01/Nov/2020:03:41:42 +0530] "GET /license_module/get_latest_version_url.php?product_code=748&base_product_code=500-06.5&base_version=6.5.9.0_50&customer_id=9999&type=compatible HTTP/1.1" 200 750 "-" "Apache-HttpClient/4.5.8 (Java/1.8.0_131)" sessionid: 4fet9jrl7hgn0js7ddupjd1nrn uid:- uname:- ServeTime:97262 microsecs
sam.gofrugal.com:80 121.46.118.103 - - [01/Nov/2020:03:41:43 +0530] "GET /license_module/get_latest_version_url.php?product_code=748&base_product_code=500-07.0&base_version=7.0.0.RC230&customer_id=9999&type=compatible HTTP/1.1" 200 1010 "-" "Apache-HttpClient/4.5.8 (Java/1.8.0_131)" sessionid: h6bfkrstqjurqnjpd1adb5vlp5 uid:- uname:- ServeTime:96680 microsecs
sam.gofrugal.com:80 51.36.248.82 - - [01/Nov/2020:03:41:45 +0530] "POST /post_pos_users_with_encryption.php HTTP/1.1" 200 835 "-" "Java/1.8.0_131" sessionid: bon0qt5p6ce9jrdlm4raubapjm uid:- uname:- ServeTime:160513 microsecs
sam.gofrugal.com:80 49.249.235.101 - - [01/Nov/2020:03:41:45 +0530] "GET /license_module/get_latest_version_url.php?product_code=715-01.0&base_product_code=300-03.0&base_version=3.0.0.RC66.59&customer_id=9999&type=compatible HTTP/1.1" 200 1089 "-" "Apache-HttpClient/4.5.8 (Java/1.8.0_131)" sessionid: 1ogp5tmsv1hoqgesh4dsfm6hv3 uid:- uname:- ServeTime:98254 microsecs
sam.gofrugal.com:80 49.249.235.101 - - [01/Nov/2020:03:41:45 +0530] "GET /license_module/get_latest_version_url.php?product_code=806-01.0&base_product_code=300-03.0&base_version=3.0.0.RC66.59&customer_id=9999&type=compatible HTTP/1.1" 200 1103 "-" "Apache-HttpClient/4.5.8 (Java/1.8.0_131)" sessionid: tsmjd7bktsqkid9urqeunkmj77 uid:- uname:- ServeTime:96568 microsecs
sam.gofrugal.com:80 49.249.235.101 - - [01/Nov/2020:03:41:46 +0530] "GET /license_module/get_latest_version_url.php?product_code=763&base_product_code=300-03.0&base_version=3.0.0.RC66.59&customer_id=9999&type=compatible HTTP/1.1" 200 1076 "-" "Apache-HttpClient/4.5.8 (Java/1.8.0_131)" sessionid: vgljfdesqveurusgmb9k2slfig uid:- uname:- ServeTime:97551 microsecs
sam.gofrugal.com:80 51.36.248.82 - - [01/Nov/2020:03:41:46 +0530] "POST /sam_posting.php?purpose=APP_USER_PROVISIONING&datatype=json HTTP/1.1" 200 479 "-" "Java/1.8.0_131" sessionid: 78s4ap872fbol1gq67hp8arf0i uid:- uname:- ServeTime:228354 microsecs
sam.gofrugal.com:80 14.143.207.182 - - [01/Nov/2020:03:41:46 +0530] "GET /license_module/get_latest_version_url.php?product_code=715-01.0&base_product_code=500-06.5&base_version=6.5.9.0_39&customer_id=9999&type=compatible HTTP/1.1" 200 1088 "-" "Apache-HttpClient/4.5.8 (Java/1.8.0_131)" sessionid: 63tasapl0m479r62dvc555op1h uid:- uname:- ServeTime:97333 microsecs
sam.gofrugal.com:80 180.179.231.172 - - [01/Nov/2020:03:41:47 +0530] "GET /license_module/get_latest_version_url.php?product_code=806-01.0&base_product_code=500-06.5&base_version=6.5.9.0_39&customer_id=9999&type=compatible HTTP/1.1" 200 1102 "-" "Apache-HttpClient/4.5.8 (Java/1.8.0_131)" sessionid: 5si5rltghu9ghrik9pj23p7iiv uid:- uname:- ServeTime:97969 microsecs
sam.gofrugal.com:80 157.46.86.245 - - [01/Nov/2020:03:41:47 +0530] "GET /license_module/get_latest_version_url.php?product_code=715-01.0&base_product_code=500-07.0&base_version=7.0.0.RC135&customer_id=9999&type=compatible HTTP/1.1" 200 1089 "-" "Apache-HttpClient/4.1-alpha1 (java 1.5)" sessionid: p846sgp4i0nji6spt7g1rtv4d6 uid:- uname:- ServeTime:98975 microsecs
sam.gofrugal.com:80 14.143.207.182 - - [01/Nov/2020:03:41:47 +0530] "GET /license_module/get_latest_version_url.php?product_code=540&base_product_code=500-06.5&base_version=6.5.9.0_39&customer_id=9999&type=compatible HTTP/1.1" 200 1076 "-" "Apache-HttpClient/4.5.8 (Java/1.8.0_131)" sessionid: 4pvdn7kpmm898un9nlope4phel uid:- uname:- ServeTime:97328 microsecs
sam.gofrugal.com:80 157.46.86.245 - - [01/Nov/2020:03:41:48 +0530] "GET /license_module/get_latest_version_url.php?product_code=806-01.0&base_product_code=500-07.0&base_version=7.0.0.RC135&customer_id=9999&type=compatible HTTP/1.1" 200 1081 "-" "Apache-HttpClient/4.1-alpha1 (java 1.5)" sessionid: 702qic9ud2f6be5b417kmiii6r uid:- uname:- ServeTime:97440 microsecs
sam.gofrugal.com:80 14.143.207.182 - - [01/Nov/2020:03:41:48 +0530] "GET /license_module/get_latest_version_url.php?product_code=748&base_product_code=500-06.5&base_version=6.5.9.0_39&customer_id=9999&type=compatible HTTP/1.1" 200 750 "-" "Apache-HttpClient/4.5.8 (Java/1.8.0_131)" sessionid: nanv51k8en4dfnis84vv3nn949 uid:- uname:- ServeTime:98764 microsecs
sam.gofrugal.com:80 188.53.213.137 - - [01/Nov/2020:03:41:48 +0530] "GET /license_module/license_automation.php?idendity=0019999190020890001500065SD&eidendity=8889FF12F20D95410234DDDAD87203DB&version=6.5.9.0_48&purpose=version_check HTTP/1.1" 200 934 "-" "-" sessionid: 6tg0o8p5jcf0lsgivtf32r3n11 uid:- uname:- ServeTime:103021 microsecs
sam.gofrugal.com:80 157.46.86.245 - - [01/Nov/2020:03:41:48 +0530] "GET /license_module/get_latest_version_url.php?product_code=540&base_product_code=500-07.0&base_version=7.0.0.RC135&customer_id=9999&type=compatible HTTP/1.1" 200 1083 "-" "Apache-HttpClient/4.1-alpha1 (java 1.5)" sessionid: alnsqvertm32thfoaaddr328qk uid:- uname:- ServeTime:99192 microsecs
sam.gofrugal.com:80 52.76.185.185 - - [01/Nov/2020:03:41:48 +0530] "GET /get_uuid_for_orderno.php?order_no=35402-55180-00008-0001 HTTP/1.1" 200 376 "-" "Java/1.8.0_102" sessionid: 24attp4rsr32sepclmaea1q5ud uid:- uname:- ServeTime:85877 microsecs
sam.gofrugal.com:80 51.36.248.82 - - [01/Nov/2020:03:41:48 +0530] "POST /license_module/get_root_order.php?type=getCustomerId&skip_hq=true HTTP/1.1" 200 559 "-" "Java/1.8.0_131" sessionid: bgml82bdkvp9vnn0coe5p7508l uid:- uname:- ServeTime:97595 microsecs
sam.gofrugal.com:80 180.179.231.172 - - [01/Nov/2020:03:41:48 +0530] "GET /license_module/get_latest_version_url.php?product_code=514&base_product_code=500-06.5&base_version=6.5.9.0_39&customer_id=9999&type=compatible HTTP/1.1" 200 417 "-" "Apache-HttpClient/4.5.8 (Java/1.8.0_131)" sessionid: mrcku42tog12oufk7q5benht8k uid:- uname:- ServeTime:107257 microsecs
sam.gofrugal.com:80 51.36.248.82 - - [01/Nov/2020:03:41:48 +0530] "POST /license_module/get_root_order.php?type=getCustomerId&skip_hq=true HTTP/1.1" 200 559 "-" "Java/1.8.0_131" sessionid: jqmnmksepbl24lfmk27988up5h uid:- uname:- ServeTime:84840 microsecs
sam.gofrugal.com:80 51.36.248.82 - - [01/Nov/2020:03:41:49 +0530] "POST /license_module/get_root_order.php?type=getCustomerId&skip_hq=true HTTP/1.1" 200 559 "-" "Java/1.8.0_131" sessionid: dl9u6kohlooukm30pt9tec97mb uid:- uname:- ServeTime:85146 microsecs
sam.gofrugal.com:80 51.36.248.82 - - [01/Nov/2020:03:41:49 +0530] "POST /license_module/get_root_order.php?type=getCustomerId&skip_hq=true HTTP/1.1" 200 559 "-" "Java/1.8.0_131" sessionid: e7h2oge5t6bb89g2lrhnjvoghd uid:- uname:- ServeTime:84369 microsecs
sam.gofrugal.com:80 51.36.248.82 - - [01/Nov/2020:03:41:49 +0530] "POST /license_module/get_root_order.php?type=getCustomerId&skip_hq=true HTTP/1.1" 200 559 "-" "Java/1.8.0_131" sessionid: gllrlfi510f49k2fbht1ig2gst uid:- uname:- ServeTime:84361 microsecs
sam.gofrugal.com:80 52.76.185.185 - - [01/Nov/2020:03:41:49 +0530] "GET /get_uuid_for_orderno.php?order_no=24299-99200-00009-0001-WR HTTP/1.1" 200 376 "-" "Java/1.8.0_102" sessionid: 08cl1po8ahm0ga7v3lv5q2iiau uid:- uname:- ServeTime:83954 microsecs
sam.gofrugal.com:80 51.36.248.82 - - [01/Nov/2020:03:41:49 +0530] "POST /license_module/get_root_order.php?type=getCustomerId&skip_hq=true HTTP/1.1" 200 559 "-" "Java/1.8.0_131" sessionid: dfcmt81jge45vekomalpd6d0sp uid:- uname:- ServeTime:85201 microsecs
sam.gofrugal.com:80 51.36.248.82 - - [01/Nov/2020:03:41:50 +0530] "POST /license_module/get_root_order.php?type=getCustomerId&skip_hq=true HTTP/1.1" 200 559 "-" "Java/1.8.0_131" sessionid: si44du105evamp0sc42156nugo uid:- uname:- ServeTime:84229 microsecs
sam.gofrugal.com:80 49.249.235.101 - - [01/Nov/2020:03:41:50 +0530] "GET /license_module/license_automation.php?idendity=9842569531004060003200060PL&eidendity=9374187753D92B878988309923B375A5&version=6365&purpose=version_check HTTP/1.1" 200 413 "-" "-" sessionid: bdrgftnj24aok78aeknidjek4k uid:- uname:- ServeTime:97024 microsecs
sam.gofrugal.com:80 51.36.248.82 - - [01/Nov/2020:03:41:50 +0530] "POST /license_module/get_root_order.php?type=getCustomerId&skip_hq=true HTTP/1.1" 200 559 "-" "Java/1.8.0_131" sessionid: 584om35k9psnfpjlb41a115auc uid:- uname:- ServeTime:92157 microsecs
sam.gofrugal.com:80 51.36.248.82 - - [01/Nov/2020:03:41:50 +0530] "POST /license_module/get_root_order.php?type=getCustomerId&skip_hq=true HTTP/1.1" 200 559 "-" "Java/1.8.0_131" sessionid: ijtf4c0f7udcvf52pseg3aktb5 uid:- uname:- ServeTime:84145 microsecs
sam.gofrugal.com:80 51.36.248.82 - - [01/Nov/2020:03:41:50 +0530] "POST /license_module/get_root_order.php?type=getCustomerId&skip_hq=true HTTP/1.1" 200 559 "-" "Java/1.8.0_131" sessionid: 6qehhm1l08srhe2veoo6gebhvt uid:- uname:- ServeTime:85674 microsecs
sam.gofrugal.com:80 51.36.248.82 - - [01/Nov/2020:03:41:51 +0530] "POST /license_module/get_root_order.php?type=getCustomerId&skip_hq=true HTTP/1.1" 200 559 "-" "Java/1.8.0_131" sessionid: ianmmuv47s7l82adqg03k6dv7q uid:- uname:- ServeTime:86517 microsecs
sam.gofrugal.com:80 13.127.109.38 - - [01/Nov/2020:03:41:51 +0530] "GET /license_module/get_latest_version_url.php?product_code=715-01.0&base_product_code=500-06.5&base_version=6.5.9.0_54&customer_id=9999&type=compatible HTTP/1.1" 200 1088 "-" "Apache-HttpClient/4.5.8 (Java/1.8.0_131)" sessionid: ibq6rokipeq12v9vrhn5euc8q1 uid:- uname:- ServeTime:97871 microsecs
sam.gofrugal.com:80 51.36.248.82 - - [01/Nov/2020:03:41:51 +0530] "POST /license_module/get_root_order.php?type=getCustomerId&skip_hq=true HTTP/1.1" 200 559 "-" "Java/1.8.0_131" sessionid: ucsfci9peqse9mnh7m5l3n70rl uid:- uname:- ServeTime:84965 microsecs
sam.gofrugal.com:80 13.127.109.38 - - [01/Nov/2020:03:41:51 +0530] "GET /license_module/get_latest_version_url.php?product_code=806-01.0&base_product_code=500-06.5&base_version=6.5.9.0_54&customer_id=9999&type=compatible HTTP/1.1" 200 1102 "-" "Apache-HttpClient/4.5.8 (Java/1.8.0_131)" sessionid: 4ftt8josh5p9tc4v17e0jv20dg uid:- uname:- ServeTime:96675 microsecs
sam.gofrugal.com:80 51.36.248.82 - - [01/Nov/2020:03:41:51 +0530] "POST /license_module/get_root_order.php?type=getCustomerId&skip_hq=true HTTP/1.1" 200 559 "-" "Java/1.8.0_131" sessionid: gei73gtqem5qqnk4k94m9kje0k uid:- uname:- ServeTime:85247 microsecs
sam.gofrugal.com:80 13.127.109.38 - - [01/Nov/2020:03:41:51 +0530] "GET /license_module/get_latest_version_url.php?product_code=540&base_product_code=500-06.5&base_version=6.5.9.0_54&customer_id=9999&type=compatible HTTP/1.1" 200 1076 "-" "Apache-HttpClient/4.5.8 (Java/1.8.0_131)" sessionid: 0venjqnsamc4ctppbjgjg0564j uid:- uname:- ServeTime:96435 microsecs
sam.gofrugal.com:80 51.36.248.82 - - [01/Nov/2020:03:41:51 +0530] "POST /license_module/get_root_order.php?type=getCustomerId&skip_hq=true HTTP/1.1" 200 559 "-" "Java/1.8.0_131" sessionid: lqh4tfm9mim6msilbih6ujonc2 uid:- uname:- ServeTime:85520 microsecs
sam.gofrugal.com:80 13.127.109.38 - - [01/Nov/2020:03:41:51 +0530] "GET /license_module/get_latest_version_url.php?product_code=748&base_product_code=500-06.5&base_version=6.5.9.0_54&customer_id=9999&type=compatible HTTP/1.1" 200 750 "-" "Apache-HttpClient/4.5.8 (Java/1.8.0_131)" sessionid: g15h5skj3taes8ltfc2abvnt25 uid:- uname:- ServeTime:97506 microsecs
sam.gofrugal.com:80 51.36.248.82 - - [01/Nov/2020:03:41:52 +0530] "POST /license_module/get_root_order.php?type=getCustomerId&skip_hq=true HTTP/1.1" 200 559 "-" "Java/1.8.0_131" sessionid: idm42jrp4hjjpo7a97a6vkfjau uid:- uname:- ServeTime:85000 microsecs
sam.gofrugal.com:80 51.36.248.82 - - [01/Nov/2020:03:41:52 +0530] "POST /license_module/get_root_order.php?type=getCustomerId&skip_hq=true HTTP/1.1" 200 559 "-" "Java/1.8.0_131" sessionid: m9ofnvccbhu2v0jlefr4gklb12 uid:- uname:- ServeTime:84450 microsecs
sam.gofrugal.com:80 51.36.248.82 - - [01/Nov/2020:03:41:52 +0530] "POST /license_module/get_root_order.php?type=getCustomerId&skip_hq=true HTTP/1.1" 200 559 "-" "Java/1.8.0_131" sessionid: bdl4rcomq910ac071du4bj29ne uid:- uname:- ServeTime:85247 microsecs
sam.gofrugal.com:80 51.36.248.82 - - [01/Nov/2020:03:41:52 +0530] "POST /license_module/get_root_order.php?type=getCustomerId&skip_hq=true HTTP/1.1" 200 559 "-" "Java/1.8.0_131" sessionid: ts8ngl6jalhhk53u70trhnp77u uid:- uname:- ServeTime:85504 microsecs
sam.gofrugal.com:80 51.36.248.82 - - [01/Nov/2020:03:41:53 +0530] "POST /license_module/get_root_order.php?type=getCustomerId&skip_hq=true HTTP/1.1" 200 559 "-" "Java/1.8.0_131" sessionid: h83ltn5eqakljr5lndr4vgh3cq uid:- uname:- ServeTime:84577 microsecs
sam.gofrugal.com:80 51.36.248.82 - - [01/Nov/2020:03:41:53 +0530] "POST /license_module/get_root_order.php?type=getCustomerId&skip_hq=true HTTP/1.1" 200 559 "-" "Java/1.8.0_131" sessionid: 7t4u5rkgmvnh3i0dpoglq3rpdt uid:- uname:- ServeTime:84951 microsecs
sam.gofrugal.com:80 51.36.248.82 - - [01/Nov/2020:03:41:53 +0530] "POST /license_module/get_root_order.php?type=getCustomerId&skip_hq=true HTTP/1.1" 200 559 "-" "Java/1.8.0_131" sessionid: 8i3fkan4a8u23sltjf71i8ct66 uid:- uname:- ServeTime:85344 microsecs
sam.gofrugal.com:80 51.36.248.82 - - [01/Nov/2020:03:41:53 +0530] "POST /license_module/get_root_order.php?type=getCustomerId&skip_hq=true HTTP/1.1" 200 559 "-" "Java/1.8.0_131" sessionid: cvh6t2vhl74lsm5b9cqqabteea uid:- uname:- ServeTime:84969 microsecs
sam.gofrugal.com:80 51.36.248.82 - - [01/Nov/2020:03:41:54 +0530] "POST /license_module/get_root_order.php?type=getCustomerId&skip_hq=true HTTP/1.1" 200 559 "-" "Java/1.8.0_131" sessionid: bqost2frqu23u85u2qjr9bpofj uid:- uname:- ServeTime:84143 microsecs
sam.gofrugal.com:80 51.36.248.82 - - [01/Nov/2020:03:41:54 +0530] "POST /license_module/get_root_order.php?type=getCustomerId&skip_hq=true HTTP/1.1" 200 559 "-" "Java/1.8.0_131" sessionid: gsedpafjhla8kpi040cns7t1rm uid:- uname:- ServeTime:86606 microsecs
sam.gofrugal.com:80 51.36.248.82 - - [01/Nov/2020:03:41:54 +0530] "POST /license_module/get_root_order.php?type=getCustomerId&skip_hq=true HTTP/1.1" 200 559 "-" "Java/1.8.0_131" sessionid: eaqbfiijjkb03ehdlsc1m6hpea uid:- uname:- ServeTime:84377 microsecs
sam.gofrugal.com:80 51.36.248.82 - - [01/Nov/2020:03:41:54 +0530] "POST /license_module/get_root_order.php?type=getCustomerId&skip_hq=true HTTP/1.1" 200 559 "-" "Java/1.8.0_131" sessionid: 5aifmfspk8i1cndklnjf2n5ejo uid:- uname:- ServeTime:85331 microsecs
sam.gofrugal.com:80 103.73.107.241 - - [01/Nov/2020:03:41:54 +0530] "GET /license_module/get_latest_version_url.php?product_code=715-01.0&base_product_code=500-07.0&base_version=7.0.0.RC226&customer_id=9999&type=compatible HTTP/1.1" 200 1089 "-" "Apache-HttpClient/4.5.8 (Java/1.8.0_131)" sessionid: 4n4rr8ei18m8dkmu68ldpqj7gl uid:- uname:- ServeTime:96538 microsecs
sam.gofrugal.com:80 51.36.248.82 - - [01/Nov/2020:03:41:55 +0530] "POST /license_module/get_root_order.php?type=getCustomerId&skip_hq=true HTTP/1.1" 200 559 "-" "Java/1.8.0_131" sessionid: 5d8pbc1d5a3kt5h88onj125cbs uid:- uname:- ServeTime:91444 microsecs
sam.gofrugal.com:80 51.36.248.82 - - [01/Nov/2020:03:41:55 +0530] "POST /license_module/get_root_order.php?type=getCustomerId&skip_hq=true HTTP/1.1" 200 559 "-" "Java/1.8.0_131" sessionid: o968jbbiq8n5248ernbvjn7eli uid:- uname:- ServeTime:85151 microsecs
sam.gofrugal.com:80 103.73.107.241 - - [01/Nov/2020:03:41:55 +0530] "GET /license_module/get_latest_version_url.php?product_code=806-01.0&base_product_code=500-07.0&base_version=7.0.0.RC226&customer_id=9999&type=compatible HTTP/1.1" 200 1103 "-" "Apache-HttpClient/4.5.8 (Java/1.8.0_131)" sessionid: ngt3fd1g40c82c5gnufv1e1s00 uid:- uname:- ServeTime:97432 microsecs
sam.gofrugal.com:80 51.36.248.82 - - [01/Nov/2020:03:41:55 +0530] "POST /license_module/get_root_order.php?type=getCustomerId&skip_hq=true HTTP/1.1" 200 559 "-" "Java/1.8.0_131" sessionid: vjl44fm4ff2hbq5b2sl2d9nalm uid:- uname:- ServeTime:84244 microsecs
sam.gofrugal.com:80 51.36.248.82 - - [01/Nov/2020:03:41:55 +0530] "POST /license_module/get_root_order.php?type=getCustomerId&skip_hq=true HTTP/1.1" 200 559 "-" "Java/1.8.0_131" sessionid: aikfaj4a7touc7bej9qaf0b6ts uid:- uname:- ServeTime:84987 microsecs
sam.gofrugal.com:80 103.73.107.241 - - [01/Nov/2020:03:41:55 +0530] "GET /license_module/get_latest_version_url.php?product_code=540&base_product_code=500-07.0&base_version=7.0.0.RC226&customer_id=9999&type=compatible HTTP/1.1" 200 1078 "-" "Apache-HttpClient/4.5.8 (Java/1.8.0_131)" sessionid: 6fg7bd2rrm8v011467ip3u510n uid:- uname:- ServeTime:96777 microsecs
sam.gofrugal.com:80 51.36.248.82 - - [01/Nov/2020:03:41:55 +0530] "POST /license_module/get_root_order.php?type=getCustomerId&skip_hq=true HTTP/1.1" 200 559 "-" "Java/1.8.0_131" sessionid: 9bstdo4duvb6a5p938ia51r68d uid:- uname:- ServeTime:85774 microsecs
sam.gofrugal.com:80 51.36.248.82 - - [01/Nov/2020:03:41:56 +0530] "POST /license_module/get_root_order.php?type=getCustomerId&skip_hq=true HTTP/1.1" 200 559 "-" "Java/1.8.0_131" sessionid: l5dknc5a5jdd6bu2m230l1olg6 uid:- uname:- ServeTime:85563 microsecs
sam.gofrugal.com:80 103.73.107.241 - - [01/Nov/2020:03:41:56 +0530] "GET /license_module/get_latest_version_url.php?product_code=748&base_product_code=500-07.0&base_version=7.0.0.RC226&customer_id=9999&type=compatible HTTP/1.1" 200 1010 "-" "Apache-HttpClient/4.5.8 (Java/1.8.0_131)" sessionid: f6f083n0s1e5pjeihm2r9uti1a uid:- uname:- ServeTime:98182 microsecs
sam.gofrugal.com:80 51.36.248.82 - - [01/Nov/2020:03:41:56 +0530] "POST /license_module/get_root_order.php?type=getCustomerId&skip_hq=true HTTP/1.1" 200 559 "-" "Java/1.8.0_131" sessionid: 8ndi5eascacjkbv61u9f2d7kal uid:- uname:- ServeTime:85423 microsecs
sam.gofrugal.com:80 51.36.248.82 - - [01/Nov/2020:03:41:56 +0530] "POST /license_module/get_root_order.php?type=getCustomerId&skip_hq=true HTTP/1.1" 200 559 "-" "Java/1.8.0_131" sessionid: ig3q6tcb5sf87t59ft0j864dr2 uid:- uname:- ServeTime:85668 microsecs
sam.gofrugal.com:80 51.36.248.82 - - [01/Nov/2020:03:41:56 +0530] "POST /license_module/get_root_order.php?type=getCustomerId&skip_hq=true HTTP/1.1" 200 559 "-" "Java/1.8.0_131" sessionid: 7ukc81r4ol6vjq5l9gm65cv9n8 uid:- uname:- ServeTime:85821 microsecs
sam.gofrugal.com:80 51.36.248.82 - - [01/Nov/2020:03:41:57 +0530] "POST /license_module/get_root_order.php?type=getCustomerId&skip_hq=true HTTP/1.1" 200 559 "-" "Java/1.8.0_131" sessionid: qhtq4qscjgjnr7mf5lecb3oj44 uid:- uname:- ServeTime:85418 microsecs
sam.gofrugal.com:80 39.45.147.63 - - [01/Nov/2020:03:41:57 +0530] "GET /license_module/getAddonStatusOfCustomer.php?idendity=0019999150005640001500065SD&eidendity=FF68B321BB7BCBB3DF1ECBD8C089416F&productCode=706 HTTP/1.1" 200 414 "-" "Mozilla/4.0 (compatible; Win32; WinHttp.WinHttpRequest.5)" sessionid: kcbqe27a4utsupj4j6rufce8pr uid:- uname:- ServeTime:90585 microsecs
sam.gofrugal.com:80 51.36.248.82 - - [01/Nov/2020:03:41:57 +0530] "POST /license_module/get_root_order.php?type=getCustomerId&skip_hq=true HTTP/1.1" 200 559 "-" "Java/1.8.0_131" sessionid: 374nhlfse3i9k1kqmh5vlj8e80 uid:- uname:- ServeTime:85209 microsecs
sam.gofrugal.com:80 51.36.248.82 - - [01/Nov/2020:03:41:57 +0530] "POST /license_module/get_root_order.php?type=getCustomerId&skip_hq=true HTTP/1.1" 200 559 "-" "Java/1.8.0_131" sessionid: bjq3aadh0l2ae3c3ia68jqbvaf uid:- uname:- ServeTime:84218 microsecs
sam.gofrugal.com:80 51.36.248.82 - - [01/Nov/2020:03:41:57 +0530] "POST /license_module/get_root_order.php?type=getCustomerId&skip_hq=true HTTP/1.1" 200 559 "-" "Java/1.8.0_131" sessionid: 9grk6b0cuj220s7ef9frliomid uid:- uname:- ServeTime:86203 microsecs
sam.gofrugal.com:80 51.36.248.82 - - [01/Nov/2020:03:41:58 +0530] "POST /license_module/get_root_order.php?type=getCustomerId&skip_hq=true HTTP/1.1" 200 559 "-" "Java/1.8.0_131" sessionid: d0avr7dfk1bbqh250udme6i9h3 uid:- uname:- ServeTime:86303 microsecs
sam.gofrugal.com:80 51.36.248.82 - - [01/Nov/2020:03:41:58 +0530] "POST /license_module/get_root_order.php?type=getCustomerId&skip_hq=true HTTP/1.1" 200 559 "-" "Java/1.8.0_131" sessionid: 6hqkh1c8foces9kqmiafopt5gv uid:- uname:- ServeTime:85000 microsecs
sam.gofrugal.com:80 49.249.235.101 - - [01/Nov/2020:03:42:00 +0530] "GET /license_module/get_latest_version_url.php?product_code=715-01.0&base_product_code=200-06.0&base_version=6.3.6.8&customer_id=9999&type=compatible HTTP/1.1" 200 1083 "-" "Apache-HttpClient/4.5.8 (Java/1.8.0_131)" sessionid: ah5o3bin5iegavfbk7mmcnarbp uid:- uname:- ServeTime:98637 microsecs
sam.gofrugal.com:80 52.74.118.254 - - [01/Nov/2020:03:42:00 +0530] "GET /license_module/get_latest_version_url.php?product_code=715-01.0&base_product_code=300-03.0&base_version=3.0.0.RC66.44&customer_id=9999&type=compatible HTTP/1.1" 200 1089 "-" "Apache-HttpClient/4.5.8 (Java/1.8.0_131)" sessionid: esp92p3ofueqvb5krh6amt8ufk uid:- uname:- ServeTime:97414 microsecs
sam.gofrugal.com:80 49.249.235.101 - - [01/Nov/2020:03:42:00 +0530] "GET /license_module/get_latest_version_url.php?product_code=806-01.0&base_product_code=200-06.0&base_version=6.3.6.8&customer_id=9999&type=compatible HTTP/1.1" 200 1097 "-" "Apache-HttpClient/4.5.8 (Java/1.8.0_131)" sessionid: qbc0st42ci95orsvv6kpt2sp3p uid:- uname:- ServeTime:97854 microsecs
sam.gofrugal.com:80 52.74.118.254 - - [01/Nov/2020:03:42:00 +0530] "GET /license_module/get_latest_version_url.php?product_code=806-01.0&base_product_code=300-03.0&base_version=3.0.0.RC66.44&customer_id=9999&type=compatible HTTP/1.1" 200 1103 "-" "Apache-HttpClient/4.5.8 (Java/1.8.0_131)" sessionid: 7i91sdk1fvtk876nltbj9kgeas uid:- uname:- ServeTime:96252 microsecs
sam.gofrugal.com:80 49.249.235.101 - - [01/Nov/2020:03:42:01 +0530] "GET /license_module/get_latest_version_url.php?product_code=540&base_product_code=200-06.0&base_version=6.3.6.8&customer_id=9999&type=compatible HTTP/1.1" 200 793 "-" "Apache-HttpClient/4.5.8 (Java/1.8.0_131)" sessionid: id0oei2mbdd8u5v9fa0pko8q3e uid:- uname:- ServeTime:96416 microsecs
sam.gofrugal.com:80 52.74.118.254 - - [01/Nov/2020:03:42:01 +0530] "GET /license_module/get_latest_version_url.php?product_code=763&base_product_code=300-03.0&base_version=3.0.0.RC66.44&customer_id=9999&type=compatible HTTP/1.1" 200 1076 "-" "Apache-HttpClient/4.5.8 (Java/1.8.0_131)" sessionid: h9k9b2v5d5d146dodkigue00h9 uid:- uname:- ServeTime:106608 microsecs
sam.gofrugal.com:80 49.249.235.101 - - [01/Nov/2020:03:42:01 +0530] "GET /license_module/get_latest_version_url.php?product_code=748&base_product_code=200-06.0&base_version=6.3.6.8&customer_id=9999&type=compatible HTTP/1.1" 200 750 "-" "Apache-HttpClient/4.5.8 (Java/1.8.0_131)" sessionid: onjue3625v275kfi8q2gbschmo uid:- uname:- ServeTime:105942 microsecs
sam.gofrugal.com:80 112.133.236.180 - - [01/Nov/2020:03:42:02 +0530] "GET /license_module/license_automation.php?idendity=1000000160047620001500065PL&eidendity=1B353EC6392078738EC965D586DC75FC&version=6.5.9.0_56&purpose=version_check HTTP/1.1" 200 413 "-" "-" sessionid: uv3h51p79hkhih5qpleooa6vis uid:- uname:- ServeTime:100332 microsecs
sam.gofrugal.com:80 117.97.166.198 - - [01/Nov/2020:03:42:03 +0530] "POST /sam_posting.php?purpose=APP_USER_PROVISIONING&datatype=json HTTP/1.1" 200 479 "-" "Java/1.8.0_131" sessionid: 25i8kjom0sbapug0qfhtilmln8 uid:- uname:- ServeTime:498934 microsecs
sam.gofrugal.com:80 122.166.166.222 - - [01/Nov/2020:03:42:03 +0530] "GET /license_module/license_automation.php?idendity=0410157110000090007500070SL&eidendity=91C6F024DD1EF8A2E28967422B86FD7A&version=7.0.0.RC225&purpose=version_check HTTP/1.1" 200 922 "-" "-" sessionid: btcnt4srhfpub45qhu4thnn4t6 uid:- uname:- ServeTime:100624 microsecs
sam.gofrugal.com:80 103.51.137.12 - - [01/Nov/2020:03:42:04 +0530] "GET /license_module/license_automation.php?idendity=3119999180000780001500070SD&eidendity=3305672345B67A8243D5F419084B89EB&version=7.0.0.RC213&purpose=version_check HTTP/1.1" 200 805 "-" "-" sessionid: es9983dgrsong9cna9nkl1o9cv uid:- uname:- ServeTime:99224 microsecs
sam.gofrugal.com:80 49.207.184.50 - - [01/Nov/2020:03:42:04 +0530] "GET /license_module/license_automation.php?idendity=3560255180000490002500065DS&eidendity=65018A44030DD39ADECE82A9C9BAF9A8&version=6.5.9.0_50&purpose=version_check HTTP/1.1" 200 802 "-" "-" sessionid: nkftofju89d5jj2f8d966hpfkl uid:- uname:- ServeTime:99023 microsecs
sam.gofrugal.com:80 59.93.32.252 - - [01/Nov/2020:03:42:05 +0530] "GET /license_module/license_automation.php?idendity=1009999190022060001500070SD&eidendity=3105956F668ED15A4810A275ECB1159C&version=7.0.0.RC230&purpose=version_check HTTP/1.1" 200 413 "-" "-" sessionid: 4vc77pbsrhfnposr6nvjirj0ba uid:- uname:- ServeTime:98792 microsecs
sam.gofrugal.com:80 60.243.167.134 - - [01/Nov/2020:03:42:06 +0530] "GET /license_module/license_automation.php?idendity=3220613200000010001500065SD&eidendity=B3ED234405499311192144E4BB551667&version=6.5.9.0_52&purpose=version_check HTTP/1.1" 200 934 "-" "-" sessionid: 49nl70na9qd1esmrvd4g3c8f2c uid:- uname:- ServeTime:99804 microsecs
sam.gofrugal.com:80 52.76.185.185 - - [01/Nov/2020:03:42:06 +0530] "GET /get_uuid_for_orderno.php?order_no=28515-17200-00001-0001-WR HTTP/1.1" 200 376 "-" "Java/1.8.0_102" sessionid: s3ri0l50e0iadteh26rg1gg83o uid:- uname:- ServeTime:83787 microsecs
sam.gofrugal.com:80 52.76.185.185 - - [01/Nov/2020:03:42:08 +0530] "GET /get_uuid_for_orderno.php?order_no=00199-99200-02409-0001-WR HTTP/1.1" 200 376 "-" "Java/1.8.0_102" sessionid: dd9dl0rsoaid11c9amoe1n3eep uid:- uname:- ServeTime:84596 microsecs
sam.gofrugal.com:80 51.36.248.82 - - [01/Nov/2020:03:42:09 +0530] "GET /get_uuid_for_orderno.php?order_no=0007845190000210001 HTTP/1.1" 200 376 "-" "Java/1.8.0_131" sessionid: hkefrm4avc108gpk9srsv5e99v uid:- uname:- ServeTime:85100 microsecs
sam.gofrugal.com:80 202.133.55.170 - - [01/Nov/2020:03:42:09 +0530] "GET /license_module/get_latest_version_url.php?product_code=806-01.0&base_product_code=500-06.5&base_version=6.5.8.9_59&customer_id=9999&type=compatible HTTP/1.1" 200 1080 "-" "Apache-HttpClient/4.1-alpha1 (java 1.5)" sessionid: 1a0rlbj78vo0c23tu9j2mktua3 uid:- uname:- ServeTime:98629 microsecs
sam.gofrugal.com:80 52.76.185.185 - - [01/Nov/2020:03:42:10 +0530] "GET /get_uuid_for_orderno.php?order_no=28807-83140-00007-0005 HTTP/1.1" 200 376 "-" "Java/1.8.0_102" sessionid: 58oomr33bjl6immlku8jncv423 uid:- uname:- ServeTime:85275 microsecs
sam.gofrugal.com:80 52.76.185.185 - - [01/Nov/2020:03:42:10 +0530] "GET /get_uuid_for_orderno.php?order_no=00199-99180-02955-0001-WR HTTP/1.1" 200 376 "-" "Java/1.8.0_102" sessionid: 067ep5m9vqvmttgu563akp36n3 uid:- uname:- ServeTime:85044 microsecs
sam.gofrugal.com:80 121.46.119.70 - - [01/Nov/2020:03:42:13 +0530] "GET /get_uuid_for_orderno.php?order_no=2207630140000860001 HTTP/1.1" 200 376 "-" "Java/1.8.0_131" sessionid: aijavjbbepptl4qjurk46tbolg uid:- uname:- ServeTime:85737 microsecs
sam.gofrugal.com:80 52.76.185.185 - - [01/Nov/2020:03:42:16 +0530] "GET /get_uuid_for_orderno.php?order_no=28807-83140-00007-0005-WR HTTP/1.1" 200 376 "-" "Java/1.8.0_102" sessionid: 5tst4bccb8dohmmbgqinbhqmhp uid:- uname:- ServeTime:85089 microsecs
sam.gofrugal.com:80 13.232.111.92 - - [01/Nov/2020:03:42:16 +0530] "GET /license_module/get_latest_version_url.php?product_code=715-01.0&base_product_code=300-03.0&base_version=3.0.0.RC66.53&customer_id=9999&type=compatible HTTP/1.1" 200 1089 "-" "Apache-HttpClient/4.5.8 (Java/1.8.0_131)" sessionid: vhlotrj9jc9poajn2rlhof3vh2 uid:- uname:- ServeTime:97461 microsecs
sam.gofrugal.com:80 13.232.111.92 - - [01/Nov/2020:03:42:16 +0530] "GET /license_module/get_latest_version_url.php?product_code=806-01.0&base_product_code=300-03.0&base_version=3.0.0.RC66.53&customer_id=9999&type=compatible HTTP/1.1" 200 1103 "-" "Apache-HttpClient/4.5.8 (Java/1.8.0_131)" sessionid: lr7e2nh4afdakc828atv1btb0r uid:- uname:- ServeTime:97352 microsecs
sam.gofrugal.com:80 13.232.111.92 - - [01/Nov/2020:03:42:17 +0530] "GET /license_module/get_latest_version_url.php?product_code=763&base_product_code=300-03.0&base_version=3.0.0.RC66.53&customer_id=9999&type=compatible HTTP/1.1" 200 1076 "-" "Apache-HttpClient/4.5.8 (Java/1.8.0_131)" sessionid: o7s0oi6meb7fvvjcku184gm9s3 uid:- uname:- ServeTime:97531 microsecs
sam.gofrugal.com:80 49.249.235.101 - - [01/Nov/2020:03:42:23 +0530] "GET /license_module/get_latest_version_url.php?product_code=715-01.0&base_product_code=500-07.0&base_version=7.0.0.RC231&customer_id=9999&type=compatible HTTP/1.1" 200 1089 "-" "Apache-HttpClient/4.5.8 (Java/1.8.0_131)" sessionid: m0m9hrb736kjegrgfioku5jb4j uid:- uname:- ServeTime:97781 microsecs
sam.gofrugal.com:80 171.76.88.212 - - [01/Nov/2020:03:42:23 +0530] "GET /license_module/get_latest_version_url.php?product_code=715-01.0&base_product_code=500-06.5&base_version=6.5.8.9_52&customer_id=9999&type=compatible HTTP/1.1" 200 1088 "-" "Apache-HttpClient/4.1-alpha1 (java 1.5)" sessionid: j5v2oiuu7cqv0k6b2e6s5drhce uid:- uname:- ServeTime:96716 microsecs
sam.gofrugal.com:80 49.249.235.101 - - [01/Nov/2020:03:42:24 +0530] "GET /license_module/get_latest_version_url.php?product_code=806-01.0&base_product_code=500-07.0&base_version=7.0.0.RC231&customer_id=9999&type=compatible HTTP/1.1" 200 1103 "-" "Apache-HttpClient/4.5.8 (Java/1.8.0_131)" sessionid: 7502n287755bf0c6kc6v3o7pdk uid:- uname:- ServeTime:97244 microsecs
sam.gofrugal.com:80 49.249.235.101 - - [01/Nov/2020:03:42:24 +0530] "GET /license_module/get_latest_version_url.php?product_code=540&base_product_code=500-07.0&base_version=7.0.0.RC231&customer_id=9999&type=compatible HTTP/1.1" 200 1087 "-" "Apache-HttpClient/4.5.8 (Java/1.8.0_131)" sessionid: bp7pd0b8j2bcjp1t23dgare44u uid:- uname:- ServeTime:96876 microsecs
sam.gofrugal.com:80 52.76.185.185 - - [01/Nov/2020:03:42:24 +0530] "GET /get_uuid_for_orderno.php?order_no=10099-99200-04388-0001-WR HTTP/1.1" 200 376 "-" "Java/1.8.0_102" sessionid: 0798hr9688l8i6qsv7j19kjl4f uid:- uname:- ServeTime:83188 microsecs
sam.gofrugal.com:80 49.249.235.101 - - [01/Nov/2020:03:42:24 +0530] "GET /license_module/get_latest_version_url.php?product_code=748&base_product_code=500-07.0&base_version=7.0.0.RC231&customer_id=9999&type=compatible HTTP/1.1" 200 1010 "-" "Apache-HttpClient/4.5.8 (Java/1.8.0_131)" sessionid: d0q6b9nn809h7mvticqs5r476m uid:- uname:- ServeTime:96739 microsecs
sam.gofrugal.com:80 115.97.70.251 - - [01/Nov/2020:03:42:24 +0530] "GET /license_module/get_latest_version_url.php?product_code=715-01.0&base_product_code=500-06.5&base_version=6.5.9.0_29&customer_id=9999&type=compatible HTTP/1.1" 200 1088 "-" "Apache-HttpClient/4.5.8 (Java/1.8.0_131)" sessionid: b7ukora01phsgij5jmlp1c1buk uid:- uname:- ServeTime:97530 microsecs
sam.gofrugal.com:80 171.76.88.212 - - [01/Nov/2020:03:42:25 +0530] "GET /license_module/get_latest_version_url.php?product_code=806-01.0&base_product_code=500-06.5&base_version=6.5.8.9_52&customer_id=9999&type=compatible HTTP/1.1" 200 1080 "-" "Apache-HttpClient/4.1-alpha1 (java 1.5)" sessionid: 02kacdjop5advbt51f2npit07n uid:- uname:- ServeTime:110511 microsecs
sam.gofrugal.com:80 115.97.70.251 - - [01/Nov/2020:03:42:25 +0530] "GET /license_module/get_latest_version_url.php?product_code=806-01.0&base_product_code=500-06.5&base_version=6.5.9.0_29&customer_id=9999&type=compatible HTTP/1.1" 200 1102 "-" "Apache-HttpClient/4.5.8 (Java/1.8.0_131)" sessionid: b57iaqfc80ptd9s4kbe58fm5c1 uid:- uname:- ServeTime:109766 microsecs
sam.gofrugal.com:80 115.97.70.251 - - [01/Nov/2020:03:42:25 +0530] "GET /license_module/get_latest_version_url.php?product_code=540&base_product_code=500-06.5&base_version=6.5.9.0_29&customer_id=9999&type=compatible HTTP/1.1" 200 1076 "-" "Apache-HttpClient/4.5.8 (Java/1.8.0_131)" sessionid: mfiu6jeqp0jo82k1v8mebn3nts uid:- uname:- ServeTime:99096 microsecs
sam.gofrugal.com:80 115.97.70.251 - - [01/Nov/2020:03:42:26 +0530] "GET /license_module/get_latest_version_url.php?product_code=748&base_product_code=500-06.5&base_version=6.5.9.0_29&customer_id=9999&type=compatible HTTP/1.1" 200 750 "-" "Apache-HttpClient/4.5.8 (Java/1.8.0_131)" sessionid: dhj46f4qps1o3h2h48chv0fqla uid:- uname:- ServeTime:97612 microsecs
sam.gofrugal.com:80 115.97.70.251 - - [01/Nov/2020:03:42:26 +0530] "GET /license_module/get_latest_version_url.php?product_code=514&base_product_code=500-06.5&base_version=6.5.9.0_29&customer_id=9999&type=compatible HTTP/1.1" 200 417 "-" "Apache-HttpClient/4.5.8 (Java/1.8.0_131)" sessionid: g04d9avfo3nu0urkssc3s2uj9n uid:- uname:- ServeTime:95111 microsecs
sam.gofrugal.com:80 49.249.235.101 - - [01/Nov/2020:03:42:26 +0530] "GET /license_module/get_latest_version_url.php?product_code=715-01.0&base_product_code=500-06.5&base_version=6.5.9.0_56&customer_id=9999&type=compatible HTTP/1.1" 200 1088 "-" "Apache-HttpClient/4.5.8 (Java/1.8.0_131)" sessionid: snu96vbelou342t92vg5819jf6 uid:- uname:- ServeTime:97166 microsecs
sam.gofrugal.com:80 217.165.113.225 - - [01/Nov/2020:03:42:26 +0530] "GET /license_module/license_automation.php?idendity=1000971170000010006500065DS&eidendity=78F57D456FFEF24B11E04F253919A619&version=6.5.8.9_42&purpose=version_check HTTP/1.1" 200 868 "-" "-" sessionid: qb6utagsf6rl96lcoukkl2md6g uid:- uname:- ServeTime:100452 microsecs
sam.gofrugal.com:80 171.76.88.212 - - [01/Nov/2020:03:42:26 +0530] "GET /license_module/get_latest_version_url.php?product_code=540&base_product_code=500-06.5&base_version=6.5.8.9_52&customer_id=9999&type=compatible HTTP/1.1" 200 1082 "-" "Apache-HttpClient/4.1-alpha1 (java 1.5)" sessionid: db4fb8sirej6sihssdc66ig4oa uid:- uname:- ServeTime:96268 microsecs
sam.gofrugal.com:80 182.65.27.160 - - [01/Nov/2020:03:42:26 +0530] "GET /license_module/license_automation.php?idendity=2900798140000020001500070SS&eidendity=2B9CB17AB1C119EAA0716DA106D5204C&version=7.0.0.RC174&purpose=version_check HTTP/1.1" 200 851 "-" "-" sessionid: sdv1srjaae9n6dolvia3bg7log uid:- uname:- ServeTime:101363 microsecs
sam.gofrugal.com:80 49.249.235.101 - - [01/Nov/2020:03:42:26 +0530] "GET /license_module/get_latest_version_url.php?product_code=806-01.0&base_product_code=500-06.5&base_version=6.5.9.0_56&customer_id=9999&type=compatible HTTP/1.1" 200 1102 "-" "Apache-HttpClient/4.5.8 (Java/1.8.0_131)" sessionid: gf9037nfv9fjlnfedbna1kr10t uid:- uname:- ServeTime:99431 microsecs
sam.gofrugal.com:80 49.249.235.101 - - [01/Nov/2020:03:42:27 +0530] "GET /license_module/get_latest_version_url.php?product_code=540&base_product_code=500-06.5&base_version=6.5.9.0_56&customer_id=9999&type=compatible HTTP/1.1" 200 1086 "-" "Apache-HttpClient/4.5.8 (Java/1.8.0_131)" sessionid: h13458iejhc8cc5jrlofho172f uid:- uname:- ServeTime:95841 microsecs
sam.gofrugal.com:80 49.249.235.101 - - [01/Nov/2020:03:42:27 +0530] "GET /license_module/get_latest_version_url.php?product_code=748&base_product_code=500-06.5&base_version=6.5.9.0_56&customer_id=9999&type=compatible HTTP/1.1" 200 750 "-" "Apache-HttpClient/4.5.8 (Java/1.8.0_131)" sessionid: fk2if1fcllghrmp177fqjl9nhm uid:- uname:- ServeTime:97059 microsecs
sam.gofrugal.com:80 122.179.31.119 - - [01/Nov/2020:03:42:29 +0530] "GET /license_module/get_latest_version_url.php?product_code=715-01.0&base_product_code=500-07.0&base_version=7.0.0.RC212&customer_id=9999&type=compatible HTTP/1.1" 200 1089 "-" "Apache-HttpClient/4.5.8 (Java/1.8.0_131)" sessionid: l0rugnkbd0fi7vtehrbj999vmh uid:- uname:- ServeTime:105917 microsecs
sam.gofrugal.com:80 122.179.31.119 - - [01/Nov/2020:03:42:29 +0530] "GET /license_module/get_latest_version_url.php?product_code=806-01.0&base_product_code=500-07.0&base_version=7.0.0.RC212&customer_id=9999&type=compatible HTTP/1.1" 200 1103 "-" "Apache-HttpClient/4.5.8 (Java/1.8.0_131)" sessionid: l92j605a07vkd2o8qhsicjpqsg uid:- uname:- ServeTime:97635 microsecs
sam.gofrugal.com:80 122.179.31.119 - - [01/Nov/2020:03:42:29 +0530] "GET /license_module/get_latest_version_url.php?product_code=540&base_product_code=500-07.0&base_version=7.0.0.RC212&customer_id=9999&type=compatible HTTP/1.1" 200 1078 "-" "Apache-HttpClient/4.5.8 (Java/1.8.0_131)" sessionid: drumagsrj4va28mnc5pv7hqp31 uid:- uname:- ServeTime:96827 microsecs
sam.gofrugal.com:80 51.39.124.87 - - [01/Nov/2020:03:42:30 +0530] "GET /license_module/get_latest_version_url.php?product_code=715-01.0&base_product_code=500-07.0&base_version=7.0.0.RC229&customer_id=9999&type=compatible HTTP/1.1" 200 1089 "-" "Apache-HttpClient/4.5.8 (Java/1.8.0_131)" sessionid: lgid0kg6mj6kgnb0euv69smddn uid:- uname:- ServeTime:97917 microsecs
sam.gofrugal.com:80 122.179.31.119 - - [01/Nov/2020:03:42:30 +0530] "GET /license_module/get_latest_version_url.php?product_code=748&base_product_code=500-07.0&base_version=7.0.0.RC212&customer_id=9999&type=compatible HTTP/1.1" 200 1010 "-" "Apache-HttpClient/4.5.8 (Java/1.8.0_131)" sessionid: a4618dv1hjvq7j0tk9l5qk2ah5 uid:- uname:- ServeTime:97065 microsecs
sam.gofrugal.com:80 51.39.124.87 - - [01/Nov/2020:03:42:30 +0530] "GET /license_module/get_latest_version_url.php?product_code=806-01.0&base_product_code=500-07.0&base_version=7.0.0.RC229&customer_id=9999&type=compatible HTTP/1.1" 200 1103 "-" "Apache-HttpClient/4.5.8 (Java/1.8.0_131)" sessionid: n4n9o3nnraba7n1fblrhh6huhf uid:- uname:- ServeTime:99758 microsecs
sam.gofrugal.com:80 103.54.98.19 - - [01/Nov/2020:03:42:31 +0530] "GET //license_module/get_latest_version_url.php?product_code=723&customer_id=9999&type=minimum HTTP/1.1" 200 743 "-" "Go-http-client/1.1" sessionid: tq75ir379nsqag241slolossc5 uid:- uname:- ServeTime:98624 microsecs
sam.gofrugal.com:80 122.179.31.119 - - [01/Nov/2020:03:42:31 +0530] "GET /license_module/get_latest_version_url.php?product_code=514&base_product_code=500-07.0&base_version=7.0.0.RC212&customer_id=9999&type=compatible HTTP/1.1" 200 417 "-" "Apache-HttpClient/4.5.8 (Java/1.8.0_131)" sessionid: 3pksf218muevese582cguq47hd uid:- uname:- ServeTime:97254 microsecs
sam.gofrugal.com:80 51.39.124.87 - - [01/Nov/2020:03:42:31 +0530] "GET /license_module/get_latest_version_url.php?product_code=540&base_product_code=500-07.0&base_version=7.0.0.RC229&customer_id=9999&type=compatible HTTP/1.1" 200 1087 "-" "Apache-HttpClient/4.5.8 (Java/1.8.0_131)" sessionid: pqt0b8eem12cgb6lk0ajehugqp uid:- uname:- ServeTime:97601 microsecs
sam.gofrugal.com:80 52.77.27.193 - - [01/Nov/2020:03:42:31 +0530] "POST /license_module/getOrderCount.php?productCode=805&identity=0220927190000030001200060PL&eidentity=080F4C2A96DF6844A70EAA52C6C93432&lastSyncedOrder=0220255190000030001 HTTP/1.1" 200 372 "-" "Java/1.8.0_131" sessionid: avm0t7f3rd53kgqi53eioia52q uid:- uname:- ServeTime:85756 microsecs
sam.gofrugal.com:80 52.77.27.193 - - [01/Nov/2020:03:42:31 +0530] "POST /license_module/orderSync.php HTTP/1.1" 200 320 "-" "Java/1.8.0_131" sessionid: d871s84mv2okgtndp1ggl84es3 uid:- uname:- ServeTime:85503 microsecs
sam.gofrugal.com:80 51.39.124.87 - - [01/Nov/2020:03:42:32 +0530] "GET /license_module/get_latest_version_url.php?product_code=748&base_product_code=500-07.0&base_version=7.0.0.RC229&customer_id=9999&type=compatible HTTP/1.1" 200 1010 "-" "Apache-HttpClient/4.5.8 (Java/1.8.0_131)" sessionid: idlhsj4d6341d4jsodamh9oqdm uid:- uname:- ServeTime:96551 microsecs
sam.gofrugal.com:80 223.190.5.214 - - [01/Nov/2020:03:42:33 +0530] "GET //license_module/get_latest_version_url.php?product_code=723&customer_id=9999&type=minimum HTTP/1.1" 200 743 "-" "Go-http-client/1.1" sessionid: 9thrn4fa7vjbd94tcf8i9u99ha uid:- uname:- ServeTime:94991 microsecs
sam.gofrugal.com:80 122.167.169.243 - - [01/Nov/2020:03:42:37 +0530] "GET /license_module/get_latest_version_url.php?product_code=715-01.0&base_product_code=500-06.5&base_version=6.5.9.0_56&customer_id=9999&type=compatible HTTP/1.1" 200 1088 "-" "Apache-HttpClient/4.5.8 (Java/1.8.0_131)" sessionid: hsl7pqrmdb01uipgif12ttcbte uid:- uname:- ServeTime:98207 microsecs
sam.gofrugal.com:80 188.53.213.137 - - [01/Nov/2020:03:42:38 +0530] "GET //license_module/get_latest_version_url.php?product_code=723&customer_id=9999&type=minimum HTTP/1.1" 200 743 "-" "Go-http-client/1.1" sessionid: ae3rj6vj1621pi75vo6nne2623 uid:- uname:- ServeTime:95932 microsecs
sam.gofrugal.com:80 122.167.169.243 - - [01/Nov/2020:03:42:38 +0530] "GET /license_module/get_latest_version_url.php?product_code=806-01.0&base_product_code=500-06.5&base_version=6.5.9.0_56&customer_id=9999&type=compatible HTTP/1.1" 200 1102 "-" "Apache-HttpClient/4.5.8 (Java/1.8.0_131)" sessionid: 221nutpoj94aafcraeu7075q6b uid:- uname:- ServeTime:96230 microsecs
